d:\code\oop\do an\tsbd\sflmgame\debug\vc143.pdb
d:\code\oop\do an\tsbd\sflmgame\debug\vc143.idb
d:\code\oop\do an\tsbd\sflmgame\debug\damage.obj
d:\code\oop\do an\tsbd\sflmgame\debug\stunattackcard.obj
d:\code\oop\do an\tsbd\sflmgame\debug\shieldcard.obj
d:\code\oop\do an\tsbd\sflmgame\debug\reducedamagecard.obj
d:\code\oop\do an\tsbd\sflmgame\debug\rageincreasecard.obj
d:\code\oop\do an\tsbd\sflmgame\debug\pierceattackcard.obj
d:\code\oop\do an\tsbd\sflmgame\debug\jackpotrollcard.obj
d:\code\oop\do an\tsbd\sflmgame\debug\doublejackpotrollcard.obj
d:\code\oop\do an\tsbd\sflmgame\debug\dodgecard.obj
d:\code\oop\do an\tsbd\sflmgame\debug\damagecard.obj
d:\code\oop\do an\tsbd\sflmgame\debug\battlesystem.obj
d:\code\oop\do an\tsbd\sflmgame\debug\uraumeboss.obj
d:\code\oop\do an\tsbd\sflmgame\debug\kashimoboss.obj
d:\code\oop\do an\tsbd\sflmgame\debug\charlesboss.obj
d:\code\oop\do an\tsbd\sflmgame\debug\botplayer.obj
d:\code\oop\do an\tsbd\sflmgame\debug\bothakari.obj
d:\code\oop\do an\tsbd\sflmgame\debug\windowmanager.obj
d:\code\oop\do an\tsbd\sflmgame\debug\statemanager.obj
d:\code\oop\do an\tsbd\sflmgame\debug\resourcemanager.obj
d:\code\oop\do an\tsbd\sflmgame\debug\application.obj
d:\code\oop\do an\tsbd\sflmgame\debug\sflmgame.obj
d:\code\oop\do an\tsbd\sflmgame\debug\statesetting.obj
d:\code\oop\do an\tsbd\sflmgame\debug\statenewgame.obj
d:\code\oop\do an\tsbd\sflmgame\debug\statemodegame.obj
d:\code\oop\do an\tsbd\sflmgame\debug\statemenu.obj
d:\code\oop\do an\tsbd\sflmgame\debug\stateguidegame.obj
d:\code\oop\do an\tsbd\sflmgame\debug\stateaboutus.obj
d:\code\oop\do an\tsbd\sflmgame\debug\state.obj
d:\code\oop\do an\tsbd\sflmgame\debug\soundmanager.obj
d:\code\oop\do an\tsbd\sflmgame\debug\player.obj
d:\code\oop\do an\tsbd\sflmgame\debug\gameconfig.obj
d:\code\oop\do an\tsbd\sflmgame\debug\deck.obj
d:\code\oop\do an\tsbd\debug\sflmgame.exe
d:\code\oop\do an\tsbd\debug\sflmgame.pdb
d:\code\oop\do an\tsbd\sflmgame\debug\sflmgame.ilk
d:\code\oop\do an\tsbd\sflmgame\debug\ai.obj
d:\code\oop\do an\tsbd\sflmgame\debug\aismanager.obj
d:\code\oop\do an\tsbd\sflmgame\debug\hardai.obj
d:\code\oop\do an\tsbd\sflmgame\debug\mediumai.obj
d:\code\oop\do an\tsbd\sflmgame\debug\stateloadgame.obj
d:\code\oop\do an\tsbd\sflmgame\debug\statesavegame.obj
d:\code\oop\do an\tsbd\sflmgame\debug\stepmanager.obj
d:\code\oop\do an\tsbd\sflmgame\debug\sflmgame.tlog\cl.command.1.tlog
d:\code\oop\do an\tsbd\sflmgame\debug\sflmgame.tlog\cl.items.tlog
d:\code\oop\do an\tsbd\sflmgame\debug\sflmgame.tlog\cl.read.1.tlog
d:\code\oop\do an\tsbd\sflmgame\debug\sflmgame.tlog\cl.write.1.tlog
d:\code\oop\do an\tsbd\sflmgame\debug\sflmgame.tlog\link.command.1.tlog
d:\code\oop\do an\tsbd\sflmgame\debug\sflmgame.tlog\link.read.1.tlog
d:\code\oop\do an\tsbd\sflmgame\debug\sflmgame.tlog\link.secondary.1.tlog
d:\code\oop\do an\tsbd\sflmgame\debug\sflmgame.tlog\link.write.1.tlog
